
> mosanada-saas@1.0.0 build
> npx prisma generate && nest build

node.exe : Loaded 
Prisma config from 
prisma.config.ts.
At 
D:\node\npm.ps1:29 
char:3
+   & $NODE_EXE 
$NPM_CLI_JS $args
+   ~~~~~~~~~~~~~~~
~~~~~~~~~~~~~~
    + CategoryInfo 
             : No  
  tSpecified: (L   
 oaded Prisma c    
...isma.config    
.ts.:String) [    
], RemoteExcep    
tion
    + FullyQualifi 
   edErrorId : Na  
  tiveCommandErr   
 or
 

Prisma config 
detected, skipping 
environment 
variable loading.
Prisma schema loaded from prisma\schema.prisma

Γ£ö Generated Prisma Client (v6.19.2) to .\node_modules\@prisma\client in 381ms

Start by importing your Prisma Client (See: https://pris.ly/d/importing-client)

Tip: Want to turn off tips and other hints? https://pris.ly/tip-4-nohints


> mosanada-saas@1.0.0 postbuild
> npx prisma migrate deploy

Loaded Prisma 
config from 
prisma.config.ts.

Prisma config 
detected, skipping 
environment 
variable loading.
Prisma schema loaded from prisma\schema.prisma
Datasource "db": PostgreSQL database "mosanada", schema "public" at "localhost:5432"

Error: P1000: 
Authentication 
failed against 
database server, 
the provided 
database 
credentials for 
`user` are not 
valid.

Please make sure 
to provide valid 
database 
credentials for 
the database 
server at the 
configured address.
